[    0.000000] Linux version 4.15.0-112-generic (buildd@lcy01-amd64-027) (gcc version 7.5.0 (Ubuntu 7.5.0-3ubuntu1~18.04)) #113-Ubuntu SMP Thu Jul 9 23:41:39 UTC 2020 (Ubuntu 4.15.0-112.113-generic 4.15.18)
[    0.000000] Command line: BOOT_IMAGE=/boot/vmlinuz-4.15.0-112-generic root=UUID=c0655890-c9b9-4b48-8e74-d5fd026390e2 ro console=tty1 console=ttyS0
[    0.000000] KERNEL supported cpus:
[    0.000000]   Intel GenuineIntel
[    0.000000]   AMD AuthenticAMD
[    0.000000]   Centaur CentaurHauls
[    0.000000] x86/fpu: Supporting XSAVE feature 0x001: 'x87 floating point registers'
[    0.000000] x86/fpu: Supporting XSAVE feature 0x002: 'SSE registers'
[    0.000000] x86/fpu: Supporting XSAVE feature 0x004: 'AVX registers'
[    0.000000] x86/fpu: xstate_offset[2]:  576, xstate_sizes[2]:  256
[    0.000000] x86/fpu: Enabled xstate features 0x7, context size is 832 bytes, using 'standard' format.
[    0.000000] e820: BIOS-provided physical RAM map:
[    0.000000] BIOS-e820: [mem 0x0000000000000000-0x000000000009fbff] usable
[    0.000000] BIOS-e820: [mem 0x000000000009fc00-0x000000000009ffff] reserved
[    0.000000] BIOS-e820: [mem 0x00000000000f0000-0x00000000000fffff] reserved
[    0.000000] BIOS-e820: [mem 0x0000000000100000-0x000000003ffeffff] usable
[    0.000000] BIOS-e820: [mem 0x000000003fff0000-0x000000003fffffff] ACPI data
[    0.000000] BIOS-e820: [mem 0x00000000fec00000-0x00000000fec00fff] reserved
[    0.000000] BIOS-e820: [mem 0x00000000fee00000-0x00000000fee00fff] reserved
[    0.000000] BIOS-e820: [mem 0x00000000fffc0000-0x00000000ffffffff] reserved
[    0.000000] NX (Execute Disable) protection: active
[    0.000000] SMBIOS 2.5 present.
[    0.000000] DMI: innotek GmbH VirtualBox/VirtualBox, BIOS VirtualBox 12/01/2006
[    0.000000] Hypervisor detected: KVM
[    0.000000] e820: last_pfn = 0x3fff0 max_arch_pfn = 0x400000000
[    0.000000] MTRR: Disabled
[    0.000000] x86/PAT: MTRRs disabled, skipping PAT initialization too.
[    0.000000] CPU MTRRs all blank - virtualized system.
[    0.000000] x86/PAT: Configuration [0-7]: WB  WT  UC- UC  WB  WT  UC- UC  
[    0.000000] found SMP MP-table at [mem 0x0009fff0-0x0009ffff]
[    0.000000] Scanning 1 areas for low memory corruption
[    0.000000] RAMDISK: [mem 0x35961000-0x36ca7fff]
[    0.000000] ACPI: Early table checksum verification disabled
[    0.000000] ACPI: RSDP 0x00000000000E0000 000024 (v02 VBOX  )
[    0.000000] ACPI: XSDT 0x000000003FFF0030 00003C (v01 VBOX   VBOXXSDT 00000001 ASL  00000061)
[    0.000000] ACPI: FACP 0x000000003FFF00F0 0000F4 (v04 VBOX   VBOXFACP 00000001 ASL  00000061)
[    0.000000] ACPI: DSDT 0x000000003FFF0470 002325 (v02 VBOX   VBOXBIOS 00000002 INTL 20100528)
[    0.000000] ACPI: FACS 0x000000003FFF0200 000040
[    0.000000] ACPI: FACS 0x000000003FFF0200 000040
[    0.000000] ACPI: APIC 0x000000003FFF0240 00005C (v02 VBOX   VBOXAPIC 00000001 ASL  00000061)
[    0.000000] ACPI: SSDT 0x000000003FFF02A0 0001CC (v01 VBOX   VBOXCPUT 00000002 INTL 20100528)
[    0.000000] No NUMA configuration found
[    0.000000] Faking a node at [mem 0x0000000000000000-0x000000003ffeffff]
[    0.000000] NODE_DATA(0) allocated [mem 0x3ffc5000-0x3ffeffff]
[    0.000000] kvm-clock: cpu 0, msr 0:3ff44001, primary cpu clock
[    0.000000] kvm-clock: Using msrs 4b564d01 and 4b564d00
[    0.000000] kvm-clock: using sched offset of 12875941262 cycles
[    0.000000] clocksource: kvm-clock: mask: 0xffffffffffffffff max_cycles: 0x1cd42e4dffb, max_idle_ns: 881590591483 ns
[    0.000000] Zone ranges:
[    0.000000]   DMA      [mem 0x0000000000001000-0x0000000000ffffff]
[    0.000000]   DMA32    [mem 0x0000000001000000-0x000000003ffeffff]
[    0.000000]   Normal   empty
[    0.000000]   Device   empty
[    0.000000] Movable zone start for each node
[    0.000000] Early memory node ranges
[    0.000000]   node   0: [mem 0x0000000000001000-0x000000000009efff]
[    0.000000]   node   0: [mem 0x0000000000100000-0x000000003ffeffff]
[    0.000000] Reserved but unavailable: 98 pages
[    0.000000] Initmem setup node 0 [mem 0x0000000000001000-0x000000003ffeffff]
[    0.000000] ACPI: PM-Timer IO Port: 0x4008
[    0.000000] IOAPIC[0]: apic_id 2, version 32, address 0xfec00000, GSI 0-23
[    0.000000] ACPI: INT_SRC_OVR (bus 0 bus_irq 0 global_irq 2 dfl dfl)
[    0.000000] ACPI: INT_SRC_OVR (bus 0 bus_irq 9 global_irq 9 low level)
[    0.000000] Using ACPI (MADT) for SMP configuration information
[    0.000000] smpboot: Allowing 2 CPUs, 0 hotplug CPUs
[    0.000000] PM: Registered nosave memory: [mem 0x00000000-0x00000fff]
[    0.000000] PM: Registered nosave memory: [mem 0x0009f000-0x0009ffff]
[    0.000000] PM: Registered nosave memory: [mem 0x000a0000-0x000effff]
[    0.000000] PM: Registered nosave memory: [mem 0x000f0000-0x000fffff]
[    0.000000] e820: [mem 0x40000000-0xfebfffff] available for PCI devices
[    0.000000] Booting paravirtualized kernel on KVM
[    0.000000] clocksource: refined-jiffies: mask: 0xffffffff max_cycles: 0xffffffff, max_idle_ns: 7645519600211568 ns
[    0.000000] random: get_random_bytes called from start_kernel+0x99/0x500 with crng_init=0
[    0.000000] setup_percpu: NR_CPUS:8192 nr_cpumask_bits:2 nr_cpu_ids:2 nr_node_ids:1
[    0.000000] percpu: Embedded 45 pages/cpu s147456 r8192 d28672 u1048576
[    0.000000] PV qspinlock hash table entries: 256 (order: 0, 4096 bytes)
[    0.000000] Built 1 zonelists, mobility grouping on.  Total pages: 257913
[    0.000000] Policy zone: DMA32
[    0.000000] Kernel command line: BOOT_IMAGE=/boot/vmlinuz-4.15.0-112-generic root=UUID=c0655890-c9b9-4b48-8e74-d5fd026390e2 ro console=tty1 console=ttyS0
[    0.000000] Memory: 982512K/1048120K available (12300K kernel code, 2481K rwdata, 4272K rodata, 2436K init, 2720K bss, 65608K reserved, 0K cma-reserved)
[    0.000000] SLUB: HWalign=64, Order=0-3, MinObjects=0, CPUs=2, Nodes=1
[    0.000000] Kernel/User page tables isolation: enabled
[    0.000000] ftrace: allocating 39378 entries in 154 pages
[    0.004000] Hierarchical RCU implementation.
[    0.004000] 	RCU restricting CPUs from NR_CPUS=8192 to nr_cpu_ids=2.
[    0.004000] 	Tasks RCU enabled.
[    0.004000] RCU: Adjusting geometry for rcu_fanout_leaf=16, nr_cpu_ids=2
[    0.004000] NR_IRQS: 524544, nr_irqs: 440, preallocated irqs: 16
[    0.004000] Console: colour VGA+ 80x25
[    0.004000] console [tty1] enabled
[    0.004000] console [ttyS0] enabled
[    0.004000] ACPI: Core revision 20170831
[    0.004000] ACPI: 2 ACPI AML tables successfully acquired and loaded
[    0.004000] APIC: Switch to symmetric I/O mode setup
[    0.004000] x2apic enabled
[    0.004000] Switched APIC routing to physical x2apic.
[    0.005641] ..TIMER: vector=0x30 apic1=0 pin1=2 apic2=-1 pin2=-1
[    0.008004] tsc: Detected 1800.000 MHz processor
[    0.012008] Calibrating delay loop (skipped) preset value.. 3600.00 BogoMIPS (lpj=7200000)
[    0.014041] pid_max: default: 32768 minimum: 301
[    0.016036] Security Framework initialized
[    0.017015] Yama: becoming mindful.
[    0.017892] AppArmor: AppArmor initialized
[    0.019091] Dentry cache hash table entries: 131072 (order: 8, 1048576 bytes)
[    0.020088] Inode-cache hash table entries: 65536 (order: 7, 524288 bytes)
[    0.021715] Mount-cache hash table entries: 2048 (order: 2, 16384 bytes)
[    0.024006] Mountpoint-cache hash table entries: 2048 (order: 2, 16384 bytes)
[    0.025888] Last level iTLB entries: 4KB 64, 2MB 8, 4MB 8
[    0.027109] Last level dTLB entries: 4KB 64, 2MB 0, 4MB 0, 1GB 4
[    0.028007] Spectre V1 : Mitigation: usercopy/swapgs barriers and __user pointer sanitization
[    0.030115] Spectre V2 : Mitigation: Full generic retpoline
[    0.032002] Spectre V2 : Spectre v2 / SpectreRSB mitigation: Filling RSB on context switch
[    0.033929] Speculative Store Bypass: Vulnerable
[    0.035125] SRBDS: Unknown: Dependent on hypervisor status
[    0.036002] MDS: Vulnerable: Clear CPU buffers attempted, no microcode
[    0.037744] Freeing SMP alternatives memory: 36K
[    0.149908] smpboot: CPU0: Intel(R) Core(TM) i5-8250U CPU @ 1.60GHz (family: 0x6, model: 0x8e, stepping: 0xa)
[    0.152000] Performance Events: unsupported p6 CPU model 142 no PMU driver, software events only.
[    0.152098] Hierarchical SRCU implementation.
[    0.153795] NMI watchdog: Perf event create on CPU 0 failed with -2
[    0.156003] NMI watchdog: Perf NMI watchdog permanently disabled
[    0.157348] smp: Bringing up secondary CPUs ...
[    0.158834] x86: Booting SMP configuration:
[    0.160004] .... node  #0, CPUs:      #1
[    0.004000] kvm-clock: cpu 1, msr 0:3ff44041, secondary cpu clock
[    0.164024] smp: Brought up 1 node, 2 CPUs
[    0.164996] smpboot: Max logical packages: 1
[    0.166029] smpboot: Total of 2 processors activated (7200.00 BogoMIPS)
[    0.168180] devtmpfs: initialized
[    0.168946] x86/mm: Memory block size: 128MB
[    0.172239] evm: security.selinux
[    0.173201] evm: security.SMACK64
[    0.174018] evm: security.SMACK64EXEC
[    0.174890] evm: security.SMACK64TRANSMUTE
[    0.176005] evm: security.SMACK64MMAP
[    0.176899] evm: security.apparmor
[    0.177781] evm: security.ima
[    0.178526] evm: security.capability
[    0.180130] clocksource: jiffies: mask: 0xffffffff max_cycles: 0xffffffff, max_idle_ns: 7645041785100000 ns
[    0.182276] futex hash table entries: 512 (order: 3, 32768 bytes)
[    0.184025] pinctrl core: initialized pinctrl subsystem
[    0.185375] RTC time:  3:40:01, date: 08/08/20
[    0.188175] NET: Registered protocol family 16
[    0.189456] audit: initializing netlink subsys (disabled)
[    0.190711] audit: type=2000 audit(1596858015.742:1): state=initialized audit_enabled=0 res=1
[    0.192037] cpuidle: using governor ladder
[    0.193077] cpuidle: using governor menu
[    0.194177] ACPI: bus type PCI registered
[    0.196006] acpiphp: ACPI Hot Plug PCI Controller Driver version: 0.5
[    0.197633] PCI: Using configuration type 1 for base access
[    0.201338] HugeTLB registered 2.00 MiB page size, pre-allocated 0 pages
[    0.204094] ACPI: Added _OSI(Module Device)
[    0.205096] ACPI: Added _OSI(Processor Device)
[    0.206190] ACPI: Added _OSI(3.0 _SCP Extensions)
[    0.207271] ACPI: Added _OSI(Processor Aggregator Device)
[    0.208003] ACPI: Added _OSI(Linux-Dell-Video)
[    0.209304] ACPI: Added _OSI(Linux-Lenovo-NV-HDMI-Audio)
[    0.210521] ACPI: Added _OSI(Linux-HPI-Hybrid-Graphics)
[    0.212359] ACPI: Executed 1 blocks of module-level executable AML code
[    0.219183] ACPI: Interpreter enabled
[    0.220000] ACPI: (supports S0 S5)
[    0.220003] ACPI: Using IOAPIC for interrupt routing
[    0.221534] PCI: Using host bridge windows from ACPI; if necessary, use "pci=nocrs" and report a bug
[    0.224199] ACPI: Enabled 2 GPEs in block 00 to 07
[    0.236666] ACPI: PCI Root Bridge [PCI0] (domain 0000 [bus 00-ff])
[    0.238123] acpi PNP0A03:00: _OSC: OS supports [ASPM ClockPM Segments MSI]
[    0.240000] acpi PNP0A03:00: _OSC: not requesting OS control; OS requires [ExtendedConfig ASPM ClockPM MSI]
[    0.240011] acpi PNP0A03:00: fail to add MMCONFIG information, can't access extended PCI configuration space under this bridge.
[    0.244570] PCI host bridge to bus 0000:00
[    0.245561] pci_bus 0000:00: root bus resource [io  0x0000-0x0cf7 window]
[    0.247079] pci_bus 0000:00: root bus resource [io  0x0d00-0xffff window]
[    0.248008] pci_bus 0000:00: root bus resource [mem 0x000a0000-0x000bffff window]
[    0.249778] pci_bus 0000:00: root bus resource [mem 0x40000000-0xfdffffff window]
[    0.252003] pci_bus 0000:00: root bus resource [bus 00-ff]
[    0.257102] pci 0000:00:01.1: legacy IDE quirk: reg 0x10: [io  0x01f0-0x01f7]
[    0.258742] pci 0000:00:01.1: legacy IDE quirk: reg 0x14: [io  0x03f6]
[    0.260000] pci 0000:00:01.1: legacy IDE quirk: reg 0x18: [io  0x0170-0x0177]
[    0.260004] pci 0000:00:01.1: legacy IDE quirk: reg 0x1c: [io  0x0376]
[    0.277913] pci 0000:00:07.0: quirk: [io  0x4000-0x403f] claimed by PIIX4 ACPI
[    0.280020] pci 0000:00:07.0: quirk: [io  0x4100-0x410f] claimed by PIIX4 SMB
[    0.286562] ACPI: PCI Interrupt Link [LNKA] (IRQs 5 9 10 *11)
[    0.288152] ACPI: PCI Interrupt Link [LNKB] (IRQs 5 9 *10 11)
[    0.289711] ACPI: PCI Interrupt Link [LNKC] (IRQs 5 *9 10 11)
[    0.292086] ACPI: PCI Interrupt Link [LNKD] (IRQs 5 9 10 *11)
[    0.293808] SCSI subsystem initialized
[    0.294720] pci 0000:00:02.0: vgaarb: setting as boot VGA device
[    0.294720] pci 0000:00:02.0: vgaarb: VGA device added: decodes=io+mem,owns=io+mem,locks=none
[    0.296020] pci 0000:00:02.0: vgaarb: bridge control possible
[    0.300005] vgaarb: loaded
[    0.300848] ACPI: bus type USB registered
[    0.302387] usbcore: registered new interface driver usbfs
[    0.304040] usbcore: registered new interface driver hub
[    0.305541] usbcore: registered new device driver usb
[    0.307074] EDAC MC: Ver: 3.0.0
[    0.308240] PCI: Using ACPI for IRQ routing
[    0.309586] NetLabel: Initializing
[    0.310384] NetLabel:  domain hash size = 128
[    0.312005] NetLabel:  protocols = UNLABELED CIPSOv4 CALIPSO
[    0.313473] NetLabel:  unlabeled traffic allowed by default
[    0.314848] clocksource: Switched to clocksource kvm-clock
[    0.332307] VFS: Disk quotas dquot_6.6.0
[    0.333337] VFS: Dquot-cache hash table entries: 512 (order 0, 4096 bytes)
[    0.334953] AppArmor: AppArmor Filesystem Enabled
[    0.336125] pnp: PnP ACPI init
[    0.338050] pnp: PnP ACPI: found 3 devices
[    0.348829] clocksource: acpi_pm: mask: 0xffffff max_cycles: 0xffffff, max_idle_ns: 2085701024 ns
[    0.350848] NET: Registered protocol family 2
[    0.351978] TCP established hash table entries: 8192 (order: 4, 65536 bytes)
[    0.353569] TCP bind hash table entries: 8192 (order: 5, 131072 bytes)
[    0.357528] TCP: Hash tables configured (established 8192 bind 8192)
[    0.361641] UDP hash table entries: 512 (order: 2, 16384 bytes)
[    0.363497] UDP-Lite hash table entries: 512 (order: 2, 16384 bytes)
[    0.365934] NET: Registered protocol family 1
[    0.367806] pci 0000:00:00.0: Limiting direct PCI/PCI transfers
[    0.370232] pci 0000:00:01.0: Activating ISA DMA hang workarounds
[    0.372370] pci 0000:00:02.0: Video device with shadowed ROM at [mem 0x000c0000-0x000dffff]
[    0.375707] Unpacking initramfs...
[    0.816455] Freeing initrd memory: 19740K
[    0.817420] clocksource: tsc: mask: 0xffffffffffffffff max_cycles: 0x19f2297dd97, max_idle_ns: 440795236593 ns
[    0.819738] platform rtc_cmos: registered platform RTC device (no PNP device found)
[    0.822009] Scanning for low memory corruption every 60 seconds
[    0.824979] Initialise system trusted keyrings
[    0.826559] Key type blacklist registered
[    0.830386] workingset: timestamp_bits=36 max_order=18 bucket_order=0
[    0.834103] zbud: loaded
[    0.835809] squashfs: version 4.0 (2009/01/31) Phillip Lougher
[    0.837722] fuse init (API version 7.26)
[    0.842156] Key type asymmetric registered
[    0.843499] Asymmetric key parser 'x509' registered
[    0.845087] Block layer SCSI generic (bsg) driver version 0.4 loaded (major 246)
[    0.847288] io scheduler noop registered
[    0.848343] io scheduler deadline registered
[    0.849668] io scheduler cfq registered (default)
[    0.851432] ACPI: AC Adapter [AC] (on-line)
[    0.852762] input: Power Button as /devices/LNXSYSTM:00/LNXPWRBN:00/input/input0
[    0.854781] ACPI: Power Button [PWRF]
[    0.856165] input: Sleep Button as /devices/LNXSYSTM:00/LNXSLPBN:00/input/input1
[    0.857704] ACPI: Sleep Button [SLPF]
[    0.859708] ACPI: Battery Slot [BAT0] (battery present)
[    0.861650] Serial: 8250/16550 driver, 32 ports, IRQ sharing enabled
[    0.884269] 00:02: ttyS0 at I/O 0x3f8 (irq = 4, base_baud = 115200) is a 16550A
[    0.887440] Linux agpgart interface v0.103
[    0.894158] loop: module loaded
[    0.895618] scsi host0: ata_piix
[    0.896607] scsi host1: ata_piix
[    0.897401] ata1: PATA max UDMA/33 cmd 0x1f0 ctl 0x3f6 bmdma 0xd000 irq 14
[    0.898813] ata2: PATA max UDMA/33 cmd 0x170 ctl 0x376 bmdma 0xd008 irq 15
[    0.900547] libphy: Fixed MDIO Bus: probed
[    0.901488] tun: Universal TUN/TAP device driver, 1.6
[    0.902621] PPP generic driver version 2.4.2
[    0.903645] ehci_hcd: USB 2.0 'Enhanced' Host Controller (EHCI) Driver
[    0.905136] ehci-pci: EHCI PCI platform driver
[    0.906142] ehci-platform: EHCI generic platform driver
[    0.907285] ohci_hcd: USB 1.1 'Open' Host Controller (OHCI) Driver
[    0.908631] ohci-pci: OHCI PCI platform driver
[    0.909647] ohci-platform: OHCI generic platform driver
[    0.911006] uhci_hcd: USB Universal Host Controller Interface driver
[    0.912536] i8042: PNP: PS/2 Controller [PNP0303:PS2K,PNP0f03:PS2M] at 0x60,0x64 irq 1,12
[    0.914740] serio: i8042 KBD port at 0x60,0x64 irq 1
[    0.915867] serio: i8042 AUX port at 0x60,0x64 irq 12
[    0.917030] mousedev: PS/2 mouse device common for all mice
[    0.918436] input: AT Translated Set 2 keyboard as /devices/platform/i8042/serio0/input/input2
[    0.921245] rtc_cmos rtc_cmos: rtc core: registered rtc_cmos as rtc0
[    0.922578] rtc_cmos rtc_cmos: alarms up to one day, 114 bytes nvram
[    0.923827] i2c /dev entries driver
[    0.924732] device-mapper: uevent: version 1.0.3
[    0.925875] device-mapper: ioctl: 4.37.0-ioctl (2017-09-20) initialised: dm-devel@redhat.com
[    0.928672] ledtrig-cpu: registered to indicate activity on CPUs
[    0.930877] NET: Registered protocol family 10
[    0.936193] Segment Routing with IPv6
[    0.937263] NET: Registered protocol family 17
[    0.938734] Key type dns_resolver registered
[    0.940268] mce: Using 0 MCE banks
[    0.941305] RAS: Correctable Errors collector initialized.
[    0.942754] sched_clock: Marking stable (940227394, 0)->(1152763322, -212535928)
[    0.946426] registered taskstats version 1
[    0.947773] Loading compiled-in X.509 certificates
[    0.951556] Loaded X.509 cert 'Build time autogenerated kernel key: 1d4b83cbc5f7a3cd7e4471a5cf69d65d9314bdf5'
[    0.954192] zswap: loaded using pool lzo/zbud
[    0.958774] Key type big_key registered
[    0.959994] Key type trusted registered
[    0.962967] Key type encrypted registered
[    0.963837] AppArmor: AppArmor sha1 policy hashing enabled
[    0.964973] ima: No TPM chip found, activating TPM-bypass! (rc=-19)
[    0.966413] ima: Allocated hash algorithm: sha1
[    0.967742] evm: HMAC attrs: 0x1
[    0.968818]   Magic number: 0:62:664
[    0.969867] rtc_cmos rtc_cmos: setting system clock to 2020-08-08 03:40:02 UTC (1596858002)
[    0.971848] BIOS EDD facility v0.16 2004-Jun-25, 0 devices found
[    0.973099] EDD information not available.
[    1.189605] Freeing unused kernel image memory: 2436K
[    1.204527] Write protecting the kernel read-only data: 20480k
[    1.210831] Freeing unused kernel image memory: 2008K
[    1.216244] Freeing unused kernel image memory: 1872K
[    1.245178] x86/mm: Checked W+X mappings: passed, no W+X pages found.
[    1.247238] x86/mm: Checking user space page tables
[    1.260180] x86/mm: Checked W+X mappings: passed, no W+X pages found.
Loading, please wait...
starting version 237
[    1.338302] Fusion MPT base driver 3.04.20
[    1.339303] Copyright (c) 1999-2008 LSI Corporation
[    1.361559] e1000: Intel(R) PRO/1000 Network Driver - version 7.3.21-k8-NAPI
[    1.363279] e1000: Copyright (c) 1999-2006 Intel Corporation.
[    1.368003] Fusion MPT SPI Host driver 3.04.20
[    1.368004] AVX2 version of gcm_enc/dec engaged.
[    1.370400] AES CTR mode by8 optimization enabled
[    1.373184] mptbase: ioc0: Initiating bringup
[    1.788790] input: ImExPS/2 Generic Explorer Mouse as /devices/platform/i8042/serio1/input/input4
[    1.824423] ioc0: LSI53C1030 A0: Capabilities={Initiator}
[    4.244368] scsi host2: ioc0: LSI53C1030 A0, FwRev=00000000h, Ports=1, MaxQ=256, IRQ=20
[    5.900341] scsi 2:0:0:0: Direct-Access     VBOX     HARDDISK         1.0  PQ: 0 ANSI: 5
[    5.944725] scsi target2:0:0: Beginning Domain Validation
[    5.946899] scsi target2:0:0: Domain Validation skipping write tests
[    5.948172] scsi target2:0:0: Ending Domain Validation
[    5.949437] scsi target2:0:0: asynchronous
[    5.950760] scsi 2:0:1:0: Direct-Access     VBOX     HARDDISK         1.0  PQ: 0 ANSI: 5
[    6.289286] scsi target2:0:1: Beginning Domain Validation
[    6.292528] random: fast init done
[    6.294088] scsi target2:0:1: Domain Validation skipping write tests
[    6.295522] scsi target2:0:1: Ending Domain Validation
[    6.296929] scsi target2:0:1: asynchronous
[    6.303276] sd 2:0:0:0: [sda] 20971520 512-byte logical blocks: (10.7 GB/10.0 GiB)
[    6.303937] random: systemd-udevd: uninitialized urandom read (16 bytes read)
[    6.305486] sd 2:0:0:0: Attached scsi generic sg0 type 0
[    6.307399] random: systemd-udevd: uninitialized urandom read (16 bytes read)
[    6.307402] random: systemd-udevd: uninitialized urandom read (16 bytes read)
[    6.310155] e1000 0000:00:03.0 eth0: (PCI:33MHz:32-bit) 02:12:97:df:f3:54
[    6.310403] sd 2:0:0:0: [sda] Write Protect is off
[    6.311963] e1000 0000:00:03.0 eth0: Intel(R) PRO/1000 Network Connection
[    6.316795] sd 2:0:0:0: [sda] Incomplete mode parameter data
[    6.317530] e1000 0000:00:03.0 enp0s3: renamed from eth0
[    6.319881] sd 2:0:0:0: [sda] Assuming drive cache: write through
[    6.321582] sd 2:0:1:0: Attached scsi generic sg1 type 0
[    6.324335] sd 2:0:1:0: [sdb] 20480 512-byte logical blocks: (10.5 MB/10.0 MiB)
[    6.326314] sd 2:0:1:0: [sdb] Write Protect is off
[    6.326731]  sda: sda1
[    6.328388] sd 2:0:1:0: [sdb] Incomplete mode parameter data
[    6.329269] sd 2:0:0:0: [sda] Attached SCSI disk
[    6.330924] sd 2:0:1:0: [sdb] Assuming drive cache: write through
[    6.356549] sd 2:0:1:0: [sdb] Attached SCSI disk
Begin: Loading essential drivers ... [    8.420047] raid6: sse2x1   gen()  9602 MB/s
[    8.468200] raid6: sse2x1   xor()  6248 MB/s
[    8.516212] raid6: sse2x2   gen() 10551 MB/s
[    8.564597] raid6: sse2x2   xor()  7993 MB/s
[    8.612262] raid6: sse2x4   gen() 16162 MB/s
[    8.660086] raid6: sse2x4   xor() 10049 MB/s
[    8.708386] raid6: avx2x1   gen() 22267 MB/s
[    8.756226] raid6: avx2x1   xor() 16125 MB/s
[    8.804502] raid6: avx2x2   gen() 27370 MB/s
[    8.852535] raid6: avx2x2   xor() 15059 MB/s
[    8.900391] raid6: avx2x4   gen() 18587 MB/s
[    8.948254] raid6: avx2x4   xor()  9450 MB/s
[    9.147885] raid6: using algorithm avx2x2 gen() 27370 MB/s
[    9.150072] raid6: .... xor() 15059 MB/s, rmw enabled
[    9.151768] raid6: using avx2x2 recovery algorithm
[    9.154809] xor: automatically using best checksumming function   avx       
[    9.157756] async_tx: api initialized (async)
done.
Begin: Running /scripts/init-premount ... done.
Begin: Mounting root file system ... Begin: Running /scripts/local-top ... done.
Begin: Running /scripts/local-premount ... [    9.209391] Btrfs loaded, crc32c=crc32c-intel
Scanning for Btrfs filesystems
done.
Warning: fsck not present, so skipping root file system
[    9.247035] EXT4-fs (sda1): INFO: recovery required on readonly filesystem
[    9.248825] EXT4-fs (sda1): write access will be enabled during recovery
[   13.993305] random: crng init done
[   13.994180] random: 7 urandom warning(s) missed due to ratelimiting
[   14.543972] EXT4-fs (sda1): orphan cleanup on readonly fs
[   14.805987] EXT4-fs (sda1): 30 orphan inodes deleted
[   14.806992] EXT4-fs (sda1): recovery complete
[   14.816077] EXT4-fs (sda1): mounted filesystem with ordered data mode. Opts: (null)
done.
Begin: Running /scripts/local-bottom ... done.
Begin: Running /scripts/init-bottom ... done.
[   19.286607] ip_tables: (C) 2000-2006 Netfilter Core Team
[   19.497224] systemd[1]: systemd 237 running in system mode. (+PAM +AUDIT +SELINUX +IMA +APPARMOR +SMACK +SYSVINIT +UTMP +LIBCRYPTSETUP +GCRYPT +GNUTLS +ACL +XZ +LZ4 +SECCOMP +BLKID +ELFUTILS +KMOD -IDN2 +IDN -PCRE2 default-hierarchy=hybrid)
[   19.502327] systemd[1]: Detected virtualization oracle.
[   19.503675] systemd[1]: Detected architecture x86-64.

Welcome to [1mUbuntu 18.04.4 LTS[0m!

[   19.594650] systemd[1]: Set hostname to <ubuntu-bionic>.
[   22.297015] systemd[1]: Reached target User and Group Name Lookups.
[[0;32m  OK  [0m] Reached target User and Group Name Lookups.
[   22.303153] systemd[1]: Created slice System Slice.
[[0;32m  OK  [0m] Created slice System Slice.
[   22.306282] systemd[1]: Listening on Journal Socket.
[[0;32m  OK  [0m] Listening on Journal Socket.
[   22.407860] systemd[1]: Listening on LVM2 poll daemon socket.
[[0;32m  OK  [0m] Listening on LVM2 poll daemon socket.
[   22.847834] systemd[1]: Starting Set the console keyboard layout...
         Starting Set the console keyboard layout...
[   22.934351] systemd[1]: Starting Load Kernel Modules...
         Starting Load Kernel Modules...
         Mounting POSIX Message Queue File System...
[[0;32m  OK  [0m] Listening on Syslog Socket.
         Mounting Huge Pages File System...
[[0;32m  OK  [0m] Reached target Swap.
[[0;32m  OK  [0m] Listening on Device-mapper event daemon FIFOs.
[[0;32m  OK  [0m] Created slice User and Session Slice.
[[0;32m  OK  [0m] Reached target Slices.
[[0;32m  OK  [0m] Listening on udev Control Socket.
[[0;32m  OK  [0m] Started Forward Password Requests to Wall Directory Watch.
         Mounting Kernel Debug File System...
         Starting Uncomplicated firewall...
[[0;32m  OK  [0m] Listening on /dev/initctl Compatibility Named Pipe.
[[0;32m  OK  [0m] Listening on Network Service Netlink Socket.
[[0;32m  OK  [0m] Created slice system-serial\x2dgetty.slice.
[[0;32m  OK  [0m] Listening on udev Kernel Socket.
         Starting udev Coldplug all Devices...
         Starting Create list of required stâ€¦ce nodes for the current kernel...
[[0;32m  OK  [0m] Reached target System Time Synchronized.
         Starting Remount Root and Kernel File Systems...
[[0;32m  OK  [0m] Listening on Journal Socket (/dev/log).
[[0;32m  OK  [0m] Listening on Journal Audit Socket.
         Starting Journal Service...
[[0;32m  OK  [0m] Listening on LVM2 metadata daemon socket.
         Starting Monitoring of LVM2 mirrorsâ€¦ng dmeventd or progress polling...
[[0;32m  OK  [0m] Set up automount Arbitrary Executabâ€¦rmats File System Automount Point.
[[0;32m  OK  [0m] Started Uncomplicated firewall.
[[0;32m  OK  [0m] Started Create list of required staâ€¦vice nodes for the current kernel.
         Starting Create Static Device Nodes in /dev...
[[0;32m  OK  [0m] Started udev Coldplug all Devices.
[[0;32m  OK  [0m] Mounted POSIX Message Queue File System.
[[0;32m  OK  [0m] Mounted Kernel Debug File System.
[[0;32m  OK  [0m] Mounted Huge Pages File System.
[[0;32m  OK  [0m] Started Journal Service.
[   23.883526] Loading iSCSI transport class v2.0-870.
[   23.916607] iscsi: registered transport (tcp)
[   23.941448] EXT4-fs (sda1): re-mounted. Opts: (null)
[[0;32m  OK  [0m] Started Remount Root and Kernel File Systems.
         Starting Load/Save Random Seed...
         Starting Flush Journal to Persistent Storage...
[[0;32m  OK  [0m] Started Set the console keyboard layout.
[   24.289110] systemd-journald[405]: Received request to flush runtime journal from PID 1
[[0;32m  OK  [0m] Started Create Static Device Nodes in /dev.
         Starting udev Kernel Device Manager...
[[0;32m  OK  [0m] Started Load/Save Random Seed.
[[0;32m  OK  [0m] Started LVM2 metadata daemon.
[   24.940729] iscsi: registered transport (iser)
[[0;32m  OK  [0m] Started Load Kernel Modules.
         Starting Apply Kernel Variables...
         Mounting FUSE Control File System...
         Mounting Kernel Configuration File System...
[[0;32m  OK  [0m] Mounted FUSE Control File System.
[[0;32m  OK  [0m] Mounted Kernel Configuration File System.
[[0;32m  OK  [0m] Started Monitoring of LVM2 mirrors,â€¦sing dmeventd or progress polling.
[[0;32m  OK  [0m] Reached target Local File Systems (Pre).
[[0;32m  OK  [0m] Reached target Local File Systems.
         Starting Set console font and keymap...
         Starting ebtables ruleset management...
         Starting AppArmor initialization...
         Starting Tell Plymouth To Write Out Runtime Data...
[[0;32m  OK  [0m] Started udev Kernel Device Manager.
[[0;32m  OK  [0m] Started Dispatch Password Requests to Console Directory Watch.
[[0;32m  OK  [0m] Reached target Local Encrypted Volumes.
[[0;32m  OK  [0m] Started Apply Kernel Variables.
[[0;32m  OK  [0m] Started Set console font and keymap.
[[0;32m  OK  [0m] Started Tell Plymouth To Write Out Runtime Data.
[[0;32m  OK  [0m] Found device /dev/ttyS0.
[[0;32m  OK  [0m] Started Flush Journal to Persistent Storage.
[[0;32m  OK  [0m] Started ebtables ruleset management.
         Starting Create Volatile Files and Directories...
[[0;32m  OK  [0m] Listening on Load/Save RF Kill Switch Status /dev/rfkill Watch.
[[0;32m  OK  [0m] Started Create Volatile Files and Directories.
         Starting Update UTMP about System Boot/Shutdown...
[[0;32m  OK  [0m] Started Update UTMP about System Boot/Shutdown.
[[0;32m  OK  [0m] Started AppArmor initialization.
         Starting Initial cloud-init job (pre-networking)...
         Starting Load AppArmor profiles managed internally by snapd...
[[0;32m  OK  [0m] Started Load AppArmor profiles managed internally by snapd.
[   34.230475] cloud-init[544]: Cloud-init v. 19.4-33-gbb4131a2-0ubuntu1~18.04.1 running 'init-local' at Sat, 08 Aug 2020 03:40:35 +0000. Up 33.74 seconds.
[[0;32m  OK  [0m] Started Initial cloud-init job (pre-networking).
[[0;32m  OK  [0m] Reached target Network (Pre).
         Starting Network Service...
[[0;32m  OK  [0m] Started Network Service.
         Starting Wait for Network to be Configured...
         Starting Network Name Resolution...
[[0;32m  OK  [0m] Started Network Name Resolution.
[[0;32m  OK  [0m] Reached target Network.
[[0;32m  OK  [0m] Reached target Host and Network Name Lookups.
[[0;32m  OK  [0m] Started Wait for Network to be Configured.
         Starting Initial cloud-init job (metadata service crawler)...
[   36.877911] cloud-init[677]: Cloud-init v. 19.4-33-gbb4131a2-0ubuntu1~18.04.1 running 'init' at Sat, 08 Aug 2020 03:40:37 +0000. Up 36.10 seconds.
[   36.879070] cloud-init[677]: ci-info: ++++++++++++++++++++++++++++++++++++++Net device info++++++++++++++++++++++++++++++++++++++
[   36.880102] cloud-init[677]: ci-info: +--------+------+----------------------------+---------------+--------+-------------------+
[   36.896600] cloud-init[677]: ci-info: | Device |  Up  |          Address           |      Mask     | Scope  |     Hw-Address    |
[   36.897851] cloud-init[677]: ci-info: +--------+------+----------------------------+---------------+--------+-------------------+
[   36.899832] cloud-init[677]: ci-info: | enp0s3 | True |         10.0.2.15          | 255.255.255.0 | global | 02:12:97:df:f3:54 |
[   36.901995] cloud-init[677]: ci-info: | enp0s3 | True | fe80::12:97ff:fedf:f354/64 |       .       |  link  | 02:12:97:df:f3:54 |
[   36.903760] cloud-init[677]: ci-info: |   lo   | True |         127.0.0.1          |   255.0.0.0   |  host  |         .         |
[   36.905586] cloud-init[677]: ci-info: |   lo   | True |          ::1/128           |       .       |  host  |         .         |
[   36.907058] cloud-init[677]: ci-info: +--------+------+----------------------------+---------------+--------+-------------------+
[   36.924076] cloud-init[677]: ci-info: ++++++++++++++++++++++++++++Route IPv4 info+++++++++++++++++++++++++++++
[   36.925474] cloud-init[677]: ci-info: +-------+-------------+----------+-----------------+-----------+-------+
[   36.927856] cloud-init[677]: ci-info: | Route | Destination | Gateway  |     Genmask     | Interface | Flags |
[   36.940381] cloud-init[677]: ci-info: +-------+-------------+----------+-----------------+-----------+-------+
[   36.952286] cloud-init[677]: ci-info: |   0   |   0.0.0.0   | 10.0.2.2 |     0.0.0.0     |   enp0s3  |   UG  |
[   36.971999] cloud-init[677]: ci-info: |   1   |   10.0.2.0  | 0.0.0.0  |  255.255.255.0  |   enp0s3  |   U   |
[   36.973490] cloud-init[677]: ci-info: |   2   |   10.0.2.2  | 0.0.0.0  | 255.255.255.255 |   enp0s3  |   UH  |
[   36.975132] cloud-init[677]: ci-info: +-------+-------------+----------+-----------------+-----------+-------+
[   36.984381] cloud-init[677]: ci-info: +++++++++++++++++++Route IPv6 info+++++++++++++++++++
[   36.985367] cloud-init[677]: ci-info: +-------+-------------+---------+-----------+-------+
[   36.986126] cloud-init[677]: ci-info: | Route | Destination | Gateway | Interface | Flags |
[   36.986946] cloud-init[677]: ci-info: +-------+-------------+---------+-----------+-------+
[   36.996156] cloud-init[677]: ci-info: |   1   |  fe80::/64  |    ::   |   enp0s3  |   U   |
[   36.997258] cloud-init[677]: ci-info: |   3   |    local    |    ::   |   enp0s3  |   U   |
[   36.998578] cloud-init[677]: ci-info: |   4   |   ff00::/8  |    ::   |   enp0s3  |   U   |
[   37.008922] cloud-init[677]: ci-info: +-------+-------------+---------+-----------+-------+
[[0;32m  OK  [0m] Started Initial cloud-init job (metadata service crawler).
[[0;32m  OK  [0m] Reached target Network is Online.
[[0;32m  OK  [0m] Reached target Remote File Systems (Pre).
[[0;32m  OK  [0m] Reached target Remote File Systems.
         Starting Availability of block devices...
[[0;32m  OK  [0m] Reached target System Initialization.
[[0;32m  OK  [0m] Listening on UUID daemon activation socket.
[[0;32m  OK  [0m] Started Daily apt download activities.
[[0;32m  OK  [0m] Started Discard unused blocks once a week.
[[0;32m  OK  [0m] Listening on ACPID Listen Socket.
         Starting LXD - unix socket.
[[0;32m  OK  [0m] Started ACPI Events Check.
[[0;32m  OK  [0m] Reached target Paths.
[[0;32m  OK  [0m] Started Daily apt upgrade and clean activities.
[[0;32m  OK  [0m] Started Message of the Day.
[[0;32m  OK  [0m] Started Daily Cleanup of Temporary Directories.
[[0;32m  OK  [0m] Reached target Timers.
[[0;32m  OK  [0m] Listening on Open-iSCSI iscsid Socket.
[[0;32m  OK  [0m] Listening on D-Bus System Message Bus Socket.
         Starting Socket activation for snappy daemon.
[[0;32m  OK  [0m] Reached target Cloud-config availability.
[[0;32m  OK  [0m] Started Availability of block devices.
[[0;32m  OK  [0m] Listening on LXD - unix socket.
[[0;32m  OK  [0m] Listening on Socket activation for snappy daemon.
[[0;32m  OK  [0m] Reached target Sockets.
[[0;32m  OK  [0m] Reached target Basic System.
[[0;32m  OK  [0m] Started irqbalance daemon.
         Starting Dispatcher daemon for systemd-networkd...
         Starting System Logging Service...
         Starting Permit User Sessions...
         Starting Virtualbox guest utils...
         Starting Accounts Service...
         Starting Login Service...
[[0;32m  OK  [0m] Started D-Bus System Message Bus.
[[0;32m  OK  [0m] Started FUSE filesystem for LXC.
[[0;32m  OK  [0m] Started Deferred execution scheduler.
         Starting LSB: Record successful boot for GRUB...
[[0;32m  OK  [0m] Started Regular background program processing daemon.
         Starting OpenBSD Secure Shell server...
         Starting Snap Daemon...
         Starting LSB: automatic crash report generation...
         Starting LXD - container startup/shutdown...
[[0;32m  OK  [0m] Started System Logging Service.
[[0;32m  OK  [0m] Started Permit User Sessions.
[[0;32m  OK  [0m] Started Login Service.
         Starting Authorization Manager...
[[0;32m  OK  [0m] Started Unattended Upgrades Shutdown.
         Starting Terminate Plymouth Boot Screen...
         Starting Hold until boot process finishes up...
[[0;32m  OK  [0m] Started Hold until boot process finishes up.
[[0;32m  OK  [0m] Started Serial Getty on ttyS0.
         Starting Set console scheme...
[[0;32m  OK  [0m] Started Terminate Plymouth Boot Screen.
[[0;32m  OK  [0m] Started Set console scheme.
[[0;32m  OK  [0m] Created slice system-getty.slice.
[[0;32m  OK  [0m] Started Getty on tty1.
[[0;32m  OK  [0m] Reached target Login Prompts.
[[0;32m  OK  [0m] Started LSB: automatic crash report generation.
[[0;32m  OK  [0m] Started Authorization Manager.
[[0;32m  OK  [0m] Started Accounts Service.
[[0;32m  OK  [0m] Started LSB: Record successful boot for GRUB.
[[0;32m  OK  [0m] Started OpenBSD Secure Shell server.
[[0;32m  OK  [0m] Started Virtualbox guest utils.
[[0;32m  OK  [0m] Started Dispatcher daemon for systemd-networkd.
[[0;32m  OK  [0m] Created slice User Slice of vagrant.
         Starting User Manager for UID 1000...
[[0;32m  OK  [0m] Started Session 1 of user vagrant.
[[0;32m  OK  [0m] Started LXD - container startup/shutdown.
[[0;32m  OK  [0m] Started User Manager for UID 1000.

Ubuntu 18.04.4 LTS ubuntu-bionic ttyS0

ubuntu-bionic login: [   46.778467] cloud-init[1284]: Cloud-init v. 19.4-33-gbb4131a2-0ubuntu1~18.04.1 running 'modules:config' at Sat, 08 Aug 2020 03:40:47 +0000. Up 46.26 seconds.
[   47.604205] cloud-init[1406]: Cloud-init v. 19.4-33-gbb4131a2-0ubuntu1~18.04.1 running 'modules:final' at Sat, 08 Aug 2020 03:40:48 +0000. Up 47.34 seconds.
[   47.604884] cloud-init[1406]: Cloud-init v. 19.4-33-gbb4131a2-0ubuntu1~18.04.1 finished at Sat, 08 Aug 2020 03:40:49 +0000. Datasource DataSourceNoCloud [seed=/dev/sdb][dsmode=net].  Up 47.59 seconds
